// Jest Snapshot v1, https://goo.gl/fbAQLP

exports[`MyButton should match the snapshot 1`] = `
<div
  class="button-container"
>
  <button
    class="button"
    type="button"
  >
    
    Text button
  
  </button>
   
  <!---->
</div>
`;
